// Jest Snapshot v1, https://goo.gl/fbAQLP

exports[`Button should render correctly 1`] = `
<Button
  onClick={[Function]}
  type="primary"
>
  Hey
</Button>
`;
